python : Traceback (most recent call last):
At line:1 char:1
+ python scripts/test_itc_ethical.py > test_error.log 2>&1
+ ~~~~~~~~~~~~~~~~~~~~~~~~~~~~~~~~~~~~~~~~~~~~~~~~~~~~~~~~
    + CategoryInfo          : NotSpecified: (Traceback (most recent call last)::String) [], Re 
   moteException
    + FullyQualifiedErrorId : NativeCommandError
 
  File "C:\Users\pshin\CODEE\VOIS\backend\scripts\test_itc_ethical.py", line 13, in <module>
    from app.orchestrator import orchestrator
  File "C:\Users\pshin\CODEE\VOIS\backend\app\orchestrator.py", line 2, in <module>
    from app.services.rag_service import rag_service
  File "C:\Users\pshin\CODEE\VOIS\backend\app\services\rag_service.py", line 21, in <module>
    print("RAG Service: \u2705 Successfully loaded sentence-transformers.")
    ~~~~~^^^^^^^^^^^^^^^^^^^^^^^^^^^^^^^^^^^^^^^^^^^^^^^^^^^^^^^^^^^^^^
  File "C:\Users\pshin\AppData\Local\Programs\Python\Python313\Lib\encodings\cp1252.py", line 
19, in encode
    return codecs.charmap_encode(input,self.errors,encoding_table)[0]
           ~~~~~~~~~~~~~~~~~~~~~^^^^^^^^^^^^^^^^^^^^^^^^^^^^^^^^^^
UnicodeEncodeError: 'charmap' codec can't encode character '\u2705' in position 13: character 
maps to <undefined>
